#0 building with "default" instance using docker driver

#1 [internal] load build definition from Dockerfile
#1 transferring dockerfile: 547B done
#1 DONE 0.0s

#2 [internal] load metadata for docker.io/library/physharness-formal:physics433-audited
#2 DONE 0.0s

#3 [internal] load .dockerignore
#3 transferring context: 2B done
#3 DONE 0.0s

#4 [internal] load build context
#4 transferring context: 4.89kB done
#4 DONE 0.0s

#5 [1/5] FROM docker.io/library/physharness-formal:physics433-audited@sha256:b8cef3506481cd9ce3b278c304e345d9d1db704269400123714cc6ecc666b6ec
#5 resolve docker.io/library/physharness-formal:physics433-audited@sha256:b8cef3506481cd9ce3b278c304e345d9d1db704269400123714cc6ecc666b6ec done
#5 DONE 0.0s

#6 [2/5] COPY prepare_lake.py record_build.py /opt/verifier/
#6 DONE 0.0s

#7 [3/5] WORKDIR /opt/sources/physlib
#7 DONE 0.0s

#8 [4/5] RUN python3 /opt/verifier/prepare_lake.py && lake --offline --no-build build Physlib.ClassicalMechanics.HarmonicOscillator.Basic QuantumInfo.States.Pure.Qubit QuantumInfo.States.Mixed.MState && python3 /opt/verifier/record_build.py && lake --offline env lean /opt/verifier/DeclarationAudit.lean > /opt/verifier/metadata/declarations-kernel.txt
#8 0.074 warning: manifest out of date: source kind (git/path) of dependency '«doc-gen4»' changed; use `lake update «doc-gen4»` to update it
#8 0.074 warning: manifest out of date: source kind (git/path) of dependency 'mathlib' changed; use `lake update mathlib` to update it
#8 2.126 All targets up-to-date (8790 jobs).
#8 2.458 warning: manifest out of date: source kind (git/path) of dependency '«doc-gen4»' changed; use `lake update «doc-gen4»` to update it
#8 2.458 warning: manifest out of date: source kind (git/path) of dependency 'mathlib' changed; use `lake update mathlib` to update it
#8 DONE 7.0s

#9 [5/5] WORKDIR /work
#9 DONE 0.0s

#10 exporting to image
#10 exporting layers 0.0s done
#10 exporting manifest sha256:997c70ee49bd05b21948ba45dc216724c44ed612da27d8bd740f5e9603925218 done
#10 exporting config sha256:cea50d5396a3a35a8ce7c5c33601174117ad7eac8804cea2d59c1c60640f35d5 done
#10 exporting attestation manifest sha256:ba2619308da5a249fe4a3aee14e8de3ea806f3fba1218876c8ab29fa08321b48 done
#10 exporting manifest list sha256:6179eb7308aaba0ee8287f24857cd122efede0fb9acf8b9fa217ed030e386a68 done
#10 naming to docker.io/library/physharness-formal:physics433-final done
#10 unpacking to docker.io/library/physharness-formal:physics433-final 0.0s done
#10 DONE 0.1s
