
==================================== ERRORS ====================================
________________ ERROR collecting tests/test_hardening_pilot.py ________________
tests/test_hardening_pilot.py:25: in <module>
    runner = _module("pilot_runner")
             ^^^^^^^^^^^^^^^^^^^^^^^
tests/test_hardening_pilot.py:20: in _module
    spec.loader.exec_module(module)
<frozen importlib._bootstrap_external>:995: in exec_module
    ???
<frozen importlib._bootstrap_external>:1132: in get_code
    ???
<frozen importlib._bootstrap_external>:1190: in get_data
    ???
E   FileNotFoundError: [Errno 2] No such file or directory: '<repo>/work/hardening-final-2026-09-24/pilot_runner.py'
=============================== warnings summary ===============================
.venv/lib/python3.12/site-packages/fastapi/testclient.py:1
  <repo>/.venv/lib/python3.12/site-packages/fastapi/testclient.py:1: StarletteDeprecationWarning: Using `httpx` with `starlette.testclient` is deprecated; install `httpx2` instead.
    from starlette.testclient import TestClient as TestClient  # noqa

.venv/lib/python3.12/site-packages/starlette/testclient.py:53
  <repo>/.venv/lib/python3.12/site-packages/starlette/testclient.py:53: DeprecationWarning: The anyio.abc.BlockingPortal alias is deprecated, use anyio.from_thread.BlockingPortal instead.
    _PortalFactoryType = Callable[[], AbstractContextManager[anyio.abc.BlockingPortal]]

-- Docs: https://docs.pytest.org/en/stable/how-to/capture-warnings.html
=========================== short test summary info ============================
ERROR tests/test_hardening_pilot.py - FileNotFoundError: [Errno 2] No such fi...
!!!!!!!!!!!!!!!!!!!! Interrupted: 1 error during collection !!!!!!!!!!!!!!!!!!!!
2 warnings, 1 error in 0.88s
